../Core/Src/main.c:91:6:pack_cmd	48	static
../Core/Src/main.c:112:6:unpack_reply	16	static
../Core/Src/main.c:124:6:send_cmd	8	static
../Core/Src/main.c:136:6:enable_motor	16	static
../Core/Src/main.c:149:5:main	32	static
../Core/Src/main.c:236:6:SystemClock_Config	88	static
../Core/Src/main.c:284:13:MX_CAN1_Init	48	static
../Core/Src/main.c:339:13:MX_USART2_UART_Init	8	static
../Core/Src/main.c:372:13:MX_GPIO_Init	48	static
../Core/Src/main.c:407:6:HAL_CAN_RxFifo0MsgPendingCallback	16	static
../Core/Src/main.c:420:6:Error_Handler	4	static,ignoring_inline_asm
